
Testing: "postgresql://user:pass@localhost:5432/db\"
Sanitized: "postgresql://user:pass@localhost:5432/db"
URL parsing: OK
Sequelize init: OK

Testing: "postgresql://user:pass@localhost:5432\/db"
Sanitized: "postgresql://user:pass@localhost:5432\/db"
URL parsing: FAILED - Invalid URL

Testing: "postgresql://user:pass@localhost:5432/db "
Sanitized: "postgresql://user:pass@localhost:5432/db"
URL parsing: OK
Sequelize init: OK

Testing: "postgresql://user:pass@localhost:5432/db
"
Sanitized: "postgresql://user:pass@localhost:5432/db"
URL parsing: OK
Sequelize init: OK
